成片 work/shanghai-masters-history-2026/render/shanghai-masters-history-2026.mp4（134.8 MB）
封面 4.79s（render.json，跟着配音）
配音 edge-tts，无情绪风格
[ok] 分辨率 1080×1440（要 1080×1440）
片尾 3.83s（render.json，跟着口播）
[ok] 画面 433.40s（spec 算出来 433.36s ＝ 段落 424.74 ＋ 封面 4.79 ＋ 片尾 3.83）
[ok] 音轨 433.39s，比画面短 0.01s（短过 1s 就是结尾没声音）

逐秒响度（433s，# 越长越响，空行＝数字静音）：
    0s  -25.7 #################
    1s  -27.8 ################
    2s  -30.1 ##############
    3s  -33.9 #############
    4s  -57.6 #
    5s  -26.5 ################
    6s  -24.0 #################
    7s  -28.3 ###############
    8s  -37.3 ###########
    9s  -32.0 #############
   10s  -24.8 #################
   11s  -27.7 ################
   12s  -30.7 ##############
   13s  -30.7 ##############
   14s  -24.2 #################
   15s  -27.5 ################
   16s  -24.2 #################
   17s  -32.1 #############
   18s  -29.1 ###############
   19s  -59.0 
   20s  -26.6 ################
   21s  -28.2 ###############
   22s -101.3 
   23s  -26.0 #################
   24s  -26.0 ################
   25s  -29.2 ###############
   26s  -33.2 #############
   27s  -99.0 
   28s  -29.5 ###############
   29s  -25.2 #################
   30s  -27.4 ################
   31s  -31.2 ##############
   32s  -27.6 ################
   33s  -29.5 ###############
   34s  -24.2 #################
   35s  -27.1 ################
   36s  -30.1 ##############
   37s  -99.0 
   38s  -24.5 #################
   39s  -29.1 ###############
   40s  -31.5 ##############
   41s  -24.1 #################
   42s  -25.3 #################
   43s  -24.8 #################
   44s  -29.7 ###############
   45s  -28.4 ###############
   46s  -29.9 ###############
   47s  -26.2 ################
   48s  -25.8 #################
   49s  -22.0 ###################
   50s  -28.6 ###############
   51s  -38.1 ##########
   52s  -27.5 ################
   53s  -30.3 ##############
   54s  -24.5 #################
   55s  -29.0 ###############
   56s  -28.6 ###############
   57s  -26.4 ################
   58s  -27.5 ################
   59s  -34.1 ############
   60s  -43.3 ########
   61s  -26.3 ################
   62s  -28.6 ###############
   63s  -27.6 ################
   64s  -31.1 ##############
   65s  -86.8 
   66s  -26.2 ################
   67s  -27.7 ################
   68s  -27.5 ################
   69s  -40.1 #########
   70s  -25.5 #################
   71s  -24.9 #################
   72s  -28.4 ###############
   73s  -29.6 ###############
   74s  -41.3 #########
   75s  -23.9 ##################
   76s  -29.0 ###############
   77s  -24.3 #################
   78s  -29.1 ###############
   79s  -38.3 ##########
   80s  -27.6 ################
   81s  -26.1 ################
   82s  -26.2 ################
   83s  -28.2 ###############
   84s  -43.3 ########
   85s  -30.3 ##############
   86s  -28.3 ###############
   87s  -28.1 ###############
   88s  -25.6 #################
   89s  -32.6 #############
   90s  -23.7 ##################
   91s  -27.0 ################
   92s  -28.7 ###############
   93s  -28.7 ###############
   94s  -26.5 ################
   95s  -28.8 ###############
   96s  -22.9 ##################
   97s  -26.2 ################
   98s  -26.1 ################
   99s  -22.3 ##################
  100s  -23.6 ##################
  101s  -25.9 #################
  102s  -29.2 ###############
  103s  -29.8 ###############
  104s  -25.2 #################
  105s  -24.9 #################
  106s  -29.0 ###############
  107s  -28.2 ###############
  108s  -29.6 ###############
  109s  -55.1 ##
  110s  -26.4 ################
  111s  -31.2 ##############
  112s -102.9 
  113s  -24.0 ##################
  114s  -28.5 ###############
  115s  -30.0 ##############
  116s  -26.4 ################
  117s  -28.0 ###############
  118s  -29.0 ###############
  119s  -27.4 ################
  120s  -41.9 #########
  121s  -28.1 ###############
  122s  -25.3 #################
  123s  -26.4 ################
  124s  -35.0 ############
  125s  -33.6 #############
  126s  -27.7 ################
  127s  -24.9 #################
  128s  -26.6 ################
  129s  -28.6 ###############
  130s  -36.6 ###########
  131s  -24.2 #################
  132s  -28.7 ###############
  133s  -28.7 ###############
  134s  -25.0 #################
  135s  -30.0 ###############
  136s  -27.7 ################
  137s  -38.0 ##########
  138s  -46.2 ######
  139s  -41.4 #########
  140s  -39.6 ##########
  141s  -41.2 #########
  142s  -39.8 ##########
  143s  -31.4 ##############
  144s  -21.2 ###################
  145s  -22.7 ##################
  146s  -24.1 #################
  147s  -24.0 #################
  148s  -29.1 ###############
  149s  -28.9 ###############
  150s  -26.3 ################
  151s  -29.4 ###############
  152s  -28.9 ###############
  153s  -26.3 ################
  154s  -34.4 ############
  155s  -25.4 #################
  156s  -30.3 ##############
  157s  -89.5 
  158s  -25.6 #################
  159s  -27.0 ################
  160s  -32.1 #############
  161s  -25.8 #################
  162s  -36.6 ###########
  163s  -42.9 ########
  164s  -35.4 ############
  165s  -30.3 ##############
  166s  -31.3 ##############
  167s  -22.8 ##################
  168s  -21.7 ###################
  169s  -22.0 ###################
  170s  -21.5 ###################
  171s  -22.5 ##################
  172s  -25.8 #################
  173s  -25.5 #################
  174s  -25.4 #################
  175s  -27.6 ################
  176s  -27.0 ################
  177s  -29.9 ###############
  178s  -26.7 ################
  179s  -28.1 ###############
  180s  -36.0 ############
  181s  -47.8 ######
  182s  -40.3 #########
  183s  -35.8 ############
  184s  -38.5 ##########
  185s  -23.7 ##################
  186s  -22.8 ##################
  187s  -23.7 ##################
  188s  -22.9 ##################
  189s  -22.5 ##################
  190s  -25.1 #################
  191s  -23.7 ##################
  192s  -21.8 ###################
  193s  -22.8 ##################
  194s  -24.9 #################
  195s  -23.4 ##################
  196s  -23.5 ##################
  197s  -23.8 ##################
  198s  -25.1 #################
  199s  -27.2 ################
  200s  -24.3 #################
  201s  -23.9 ##################
  202s  -25.5 #################
  203s  -26.9 ################
  204s  -26.7 ################
  205s  -29.5 ###############
  206s  -26.1 ################
  207s  -25.2 #################
  208s  -30.2 ##############
  209s  -29.9 ###############
  210s  -57.7 #
  211s  -30.0 ##############
  212s  -23.0 ##################
  213s  -27.0 ################
  214s  -29.6 ###############
  215s  -30.7 ##############
  216s  -65.1 
  217s  -27.7 ################
  218s  -28.1 ###############
  219s  -25.2 #################
  220s  -29.3 ###############
  221s  -29.7 ###############
  222s  -31.6 ##############
  223s  -29.4 ###############
  224s  -26.1 ################
  225s  -33.8 #############
  226s  -39.5 ##########
  227s  -31.7 ##############
  228s  -29.3 ###############
  229s  -35.0 ############
  230s  -29.1 ###############
  231s  -33.1 #############
  232s  -29.6 ###############
  233s  -32.9 #############
  234s  -52.9 ###
  235s  -42.4 ########
  236s  -30.8 ##############
  237s  -36.8 ###########
  238s  -54.8 ##
  239s  -54.9 ##
  240s  -40.5 #########
  241s  -44.7 #######
  242s  -40.3 #########
  243s  -40.2 #########
  244s  -34.2 ############
  245s  -21.2 ###################
  246s  -23.2 ##################
  247s  -20.8 ###################
  248s  -23.1 ##################
  249s  -21.7 ###################
  250s  -24.0 ##################
  251s  -25.2 #################
  252s  -26.6 ################
  253s  -30.7 ##############
  254s  -25.5 #################
  255s  -30.4 ##############
  256s  -27.5 ################
  257s  -26.7 ################
  258s  -27.7 ################
  259s  -25.9 #################
  260s  -28.2 ###############
  261s  -36.0 ############
  262s  -71.4 
  263s  -26.1 ################
  264s  -26.2 ################
  265s  -27.8 ################
  266s  -29.3 ###############
  267s  -30.5 ##############
  268s  -36.0 ############
  269s -102.3 
  270s  -24.7 #################
  271s  -25.4 #################
  272s  -27.3 ################
  273s  -31.8 ##############
  274s -119.3 
  275s  -28.0 ################
  276s  -28.9 ###############
  277s  -23.4 ##################
  278s  -28.4 ###############
  279s  -35.8 ############
  280s  -29.2 ###############
  281s  -28.8 ###############
  282s  -24.0 #################
  283s  -27.8 ################
  284s  -31.3 ##############
  285s  -27.1 ################
  286s  -27.1 ################
  287s  -26.4 ################
  288s  -36.4 ###########
  289s  -46.6 ######
  290s  -25.0 #################
  291s  -33.6 #############
  292s  -33.0 #############
  293s  -26.7 ################
  294s  -26.8 ################
  295s  -32.7 #############
  296s  -99.0 
  297s  -24.5 #################
  298s  -25.7 #################
  299s  -23.9 ##################
  300s  -29.9 ###############
  301s  -28.2 ###############
  302s  -39.2 ##########
  303s  -29.4 ###############
  304s  -24.2 #################
  305s  -26.8 ################
  306s  -30.1 ##############
  307s  -28.8 ###############
  308s  -30.1 ##############
  309s  -31.3 ##############
  310s -102.9 
  311s  -24.1 #################
  312s  -30.5 ##############
  313s  -26.2 ################
  314s  -26.6 ################
  315s  -30.4 ##############
  316s  -30.9 ##############
  317s  -33.1 #############
  318s  -25.2 #################
  319s  -25.4 #################
  320s  -29.8 ###############
  321s  -29.3 ###############
  322s  -27.4 ################
  323s  -27.1 ################
  324s  -33.4 #############
  325s  -99.0 
  326s  -24.3 #################
  327s  -25.8 #################
  328s  -29.0 ###############
  329s  -28.7 ###############
  330s  -26.8 ################
  331s  -99.0 
  332s  -27.5 ################
  333s  -23.2 ##################
  334s  -28.5 ###############
  335s  -28.8 ###############
  336s  -25.8 #################
  337s  -26.2 ################
  338s  -28.6 ###############
  339s  -30.8 ##############
  340s  -27.8 ################
  341s  -36.9 ###########
  342s  -56.0 #
  343s  -24.4 #################
  344s  -26.5 ################
  345s  -28.6 ###############
  346s  -86.8 
  347s  -27.7 ################
  348s  -23.7 ##################
  349s  -21.4 ###################
  350s  -25.1 #################
  351s  -23.1 ##################
  352s  -23.9 ##################
  353s  -23.4 ##################
  354s  -23.3 ##################
  355s  -24.2 #################
  356s  -21.8 ###################
  357s  -22.0 ###################
  358s  -23.6 ##################
  359s  -24.5 #################
  360s  -25.3 #################
  361s  -30.9 ##############
  362s -119.3 
  363s  -27.9 ################
  364s  -25.7 #################
  365s  -29.5 ###############
  366s  -27.6 ################
  367s  -32.8 #############
  368s  -25.2 #################
  369s  -28.1 ###############
  370s  -27.1 ################
  371s  -38.6 ##########
  372s  -29.4 ###############
  373s  -28.8 ###############
  374s  -27.7 ################
  375s  -24.4 #################
  376s  -27.0 ################
  377s  -29.3 ###############
  378s  -28.3 ###############
  379s  -42.6 ########
  380s  -30.7 ##############
  381s  -26.6 ################
  382s  -26.6 ################
  383s  -25.1 #################
  384s  -35.4 ############
  385s  -36.9 ###########
  386s  -37.1 ###########
  387s  -33.1 #############
  388s  -27.5 ################
  389s  -23.9 ##################
  390s  -24.3 #################
  391s  -25.0 #################
  392s  -24.4 #################
  393s  -21.6 ###################
  394s  -21.7 ###################
  395s  -24.7 #################
  396s  -22.9 ##################
  397s  -22.8 ##################
  398s  -23.8 ##################
  399s  -21.9 ###################
  400s  -21.1 ###################
  401s  -23.5 ##################
  402s  -26.0 #################
  403s  -24.9 #################
  404s  -27.5 ################
  405s  -30.1 ##############
  406s  -28.0 ################
  407s  -26.2 ################
  408s  -29.8 ###############
  409s  -29.4 ###############
  410s  -28.4 ###############
  411s  -24.9 #################
  412s  -25.5 #################
  413s  -27.7 ################
  414s  -32.3 #############
  415s  -28.8 ###############
  416s  -69.2 
  417s  -25.2 #################
  418s  -30.0 ###############
  419s  -25.5 #################
  420s  -28.9 ###############
  421s  -35.4 ############
  422s  -99.0 
  423s  -27.5 ################
  424s  -28.6 ###############
  425s  -28.0 ################
  426s  -29.7 ###############
  427s  -25.8 #################
  428s  -38.7 ##########
  429s  -27.8 ################
  430s  -31.1 ##############
  431s  -26.0 #################
  432s  -27.2 ################

[ok] 封面之后没有数字静音（最低 -119.3 dB）
[ok] 另有 18 秒静音落在整屏证据段的口播间隙里（底轨是 anullsrc，静音是设计的一部分，同封面）：[22, 27, 37, 65, 112, 157, 216, 262, 269, 274, 296, 310, 325, 331, 346, 362, 416, 422]
[ok] 整屏证据段 4.8s 口播最响 -24.0 dB
[ok] 整屏证据段 9.8s 口播最响 -24.2 dB
[ok] 整屏证据段 20.4s 口播最响 -26.6 dB
[ok] 整屏证据段 23.3s 口播最响 -26.0 dB
[ok] 整屏证据段 28.1s 口播最响 -24.2 dB
[ok] 整屏证据段 38.0s 口播最响 -22.0 dB
[ok] 整屏证据段 52.5s 口播最响 -24.5 dB
[ok] 整屏证据段 61.4s 口播最响 -26.3 dB
[ok] 整屏证据段 65.8s 口播最响 -24.9 dB
[ok] 整屏证据段 75.6s 口播最响 -24.3 dB
[ok] 整屏证据段 80.6s 口播最响 -26.1 dB
[ok] 整屏证据段 100.5s 口播最响 -23.6 dB
[ok] 整屏证据段 110.4s 口播最响 -26.4 dB
[ok] 整屏证据段 113.1s 口播最响 -24.0 dB
[ok] 整屏证据段 121.6s 口播最响 -24.9 dB
[ok] 整屏证据段 131.4s 口播最响 -24.2 dB
[ok] 整屏证据段 146.1s 口播最响 -24.0 dB
[ok] 整屏证据段 157.8s 口播最响 -25.6 dB
[ok] 整屏证据段 172.9s 口播最响 -25.4 dB
[ok] 整屏证据段 202.8s 口播最响 -25.2 dB
[ok] 整屏证据段 211.4s 口播最响 -23.0 dB
[ok] 整屏证据段 217.4s 口播最响 -25.2 dB
[ok] 整屏证据段 253.7s 口播最响 -25.5 dB
[ok] 整屏证据段 262.8s 口播最响 -26.1 dB
[ok] 整屏证据段 270.0s 口播最响 -24.7 dB
[ok] 整屏证据段 275.2s 口播最响 -23.4 dB
[ok] 整屏证据段 280.5s 口播最响 -24.0 dB
[ok] 整屏证据段 289.8s 口播最响 -25.0 dB
[ok] 整屏证据段 292.7s 口播最响 -26.7 dB
[ok] 整屏证据段 297.1s 口播最响 -23.9 dB
[ok] 整屏证据段 303.6s 口播最响 -24.2 dB
[ok] 整屏证据段 311.1s 口播最响 -24.1 dB
[ok] 整屏证据段 317.8s 口播最响 -25.2 dB
[ok] 整屏证据段 326.1s 口播最响 -24.3 dB
[ok] 整屏证据段 332.0s 口播最响 -23.2 dB
[ok] 整屏证据段 342.8s 口播最响 -24.4 dB
[ok] 整屏证据段 358.7s 口播最响 -24.5 dB
[ok] 整屏证据段 363.2s 口播最响 -25.2 dB
[ok] 整屏证据段 372.6s 口播最响 -24.4 dB
[ok] 整屏证据段 410.2s 口播最响 -24.9 dB
[ok] 整屏证据段 417.3s 口播最响 -25.2 dB
[ok] 整屏证据段 422.9s 口播最响 -25.8 dB
[ok] 无解说段 138.7s（源 32.1s）现场声最响 -21.2 dB
[ok] 无解说段 163.7s（源 76.4s）现场声最响 -21.5 dB
[ok] 无解说段 181.9s（源 85.6s）现场声最响 -21.8 dB
[ok] 无解说段 226.6s（源 354.9s）现场声最响 -20.8 dB
[ok] 无解说段 347.3s（源 462.0s）现场声最响 -21.4 dB
[ok] 无解说段 380.5s（源 360.0s）现场声最响 -21.1 dB
[跳过] 没开回贴（或是美网以外的带式老路），没有逐帧贴板证据要查
[QC] 发布凭证 -> work/shanghai-masters-history-2026/render/qc_attestation.json（film e50f393f890d…）

共 0 项不合格
